// Jest Snapshot v1, https://goo.gl/fbAQLP

exports[`Remock mock should unwrap renderprop 1`] = `
"<MockedTransparent itWas=\\"RenderProp\\">
  <div>
    24
  </div>
</MockedTransparent>"
`;
